Flow report for DHT11
Mon Aug 15 18:27:41 2016
Quartus II Version 9.1 Build 350 03/24/2010 Service Pack 2 SJ Web Edition


---------------------
; Table of Contents ;
---------------------
  1. Legal Notice
  2. Flow Summary
  3. Flow Settings
  4. Flow Non-Default Global Settings
  5. Flow Elapsed Time
  6. Flow OS Summary
  7. Flow Log



----------------
; Legal Notice ;
----------------
Copyright (C) 1991-2010 Altera Corporation
Your use of Altera Corporation's design tools, logic functions 
and other software and tools, and its AMPP partner logic 
functions, and any output files from any of the foregoing 
(including device programming or simulation files), and any 
associated documentation or information are expressly subject 
to the terms and conditions of the Altera Program License 
Subscription Agreement, Altera MegaCore Function License 
Agreement, or other applicable license agreement, including, 
without limitation, that your use is for the sole purpose of 
programming logic devices manufactured by Altera and sold by 
Altera or its authorized distributors.  Please refer to the 
applicable agreement for further details.



+-----------------------------------------------------------------------------------+
; Flow Summary                                                                      ;
+------------------------------------+----------------------------------------------+
; Flow Status                        ; Successful - Mon Aug 15 18:27:40 2016        ;
; Quartus II Version                 ; 9.1 Build 350 03/24/2010 SP 2 SJ Web Edition ;
; Revision Name                      ; DHT11                                        ;
; Top-level Entity Name              ; DHT11                                        ;
; Family                             ; Cyclone III                                  ;
; Device                             ; EP3C16Q240C8                                 ;
; Timing Models                      ; Final                                        ;
; Met timing requirements            ; N/A                                          ;
; Total logic elements               ; 225 / 15,408 ( 1 % )                         ;
;     Total combinational functions  ; 196 / 15,408 ( 1 % )                         ;
;     Dedicated logic registers      ; 147 / 15,408 ( < 1 % )                       ;
; Total registers                    ; 147                                          ;
; Total pins                         ; 31 / 161 ( 19 % )                            ;
; Total virtual pins                 ; 0                                            ;
; Total memory bits                  ; 0 / 516,096 ( 0 % )                          ;
; Embedded Multiplier 9-bit elements ; 0 / 112 ( 0 % )                              ;
; Total PLLs                         ; 0 / 4 ( 0 % )                                ;
+------------------------------------+----------------------------------------------+


+-----------------------------------------+
; Flow Settings                           ;
+-------------------+---------------------+
; Option            ; Setting             ;
+-------------------+---------------------+
; Start date & time ; 08/15/2016 18:27:31 ;
; Main task         ; Compilation         ;
; Revision Name     ; DHT11               ;
+-------------------+---------------------+


+----------------------------------------------------------------------------------------------------------------------------------------------+
; Flow Non-Default Global Settings                                                                                                             ;
+------------------------------------+----------------------------------------------------------+---------------+-------------+----------------+
; Assignment Name                    ; Value                                                    ; Default Value ; Entity Name ; Section Id     ;
+------------------------------------+----------------------------------------------------------+---------------+-------------+----------------+
; COMPILER_SIGNATURE_ID              ; 742281785228.147125685102688                             ; --            ; --          ; --             ;
; MAX_CORE_JUNCTION_TEMP             ; 85                                                       ; --            ; --          ; --             ;
; MIN_CORE_JUNCTION_TEMP             ; 0                                                        ; --            ; --          ; --             ;
; MISC_FILE                          ; D:/105年選手日誌/技藝競賽第一題/DHT11/DHT11.dpf          ; --            ; --          ; --             ;
; MISC_FILE                          ; D:/105年選手日誌/技藝競賽第一題/DHT11 七段顯示/DHT11.dpf ; --            ; --          ; --             ;
; NOMINAL_CORE_SUPPLY_VOLTAGE        ; 1.2V                                                     ; --            ; --          ; --             ;
; PARTITION_COLOR                    ; 16764057                                                 ; --            ; --          ; Top            ;
; PARTITION_NETLIST_TYPE             ; SOURCE                                                   ; --            ; --          ; Top            ;
; USE_GENERATED_PHYSICAL_CONSTRAINTS ; Off                                                      ; --            ; --          ; eda_blast_fpga ;
+------------------------------------+----------------------------------------------------------+---------------+-------------+----------------+


+-------------------------------------------------------------------------------------------------------------------------------+
; Flow Elapsed Time                                                                                                             ;
+---------------------------+--------------+-------------------------+---------------------+------------------------------------+
; Module Name               ; Elapsed Time ; Average Processors Used ; Peak Virtual Memory ; Total CPU Time (on all processors) ;
+---------------------------+--------------+-------------------------+---------------------+------------------------------------+
; Analysis & Synthesis      ; 00:00:02     ; 1.0                     ; 231 MB              ; 00:00:01                           ;
; Fitter                    ; 00:00:04     ; 1.0                     ; 254 MB              ; 00:00:04                           ;
; TimeQuest Timing Analyzer ; 00:00:02     ; 1.0                     ; 222 MB              ; 00:00:01                           ;
; Assembler                 ; 00:00:01     ; 1.0                     ; 214 MB              ; 00:00:01                           ;
; Total                     ; 00:00:08     ; --                      ; --                  ; 00:00:06                           ;
+---------------------------+--------------+-------------------------+---------------------+------------------------------------+


+--------------------------------------------------------------------------------------------+
; Flow OS Summary                                                                            ;
+---------------------------+------------------+---------------+------------+----------------+
; Module Name               ; Machine Hostname ; OS Name       ; OS Version ; Processor type ;
+---------------------------+------------------+---------------+------------+----------------+
; Analysis & Synthesis      ; ZeProgrammer-PC  ; Windows Vista ; 6.1        ; x86_64         ;
; Fitter                    ; ZeProgrammer-PC  ; Windows Vista ; 6.1        ; x86_64         ;
; Assembler                 ; ZeProgrammer-PC  ; Windows Vista ; 6.1        ; x86_64         ;
; TimeQuest Timing Analyzer ; ZeProgrammer-PC  ; Windows Vista ; 6.1        ; x86_64         ;
+---------------------------+------------------+---------------+------------+----------------+


------------
; Flow Log ;
------------
quartus_map --read_settings_files=on --write_settings_files=off DHT11 -c DHT11
quartus_fit --read_settings_files=off --write_settings_files=off DHT11 -c DHT11
quartus_asm --read_settings_files=off --write_settings_files=off DHT11 -c DHT11
quartus_sta DHT11 -c DHT11



